TOTAL 51 | com canonica 3 | SEM canonica 48
SEM campo Entrega: nenhum
periodo: 2026-10-07 -> 2026-12-31

ACIRV-SM-2026-010 pub=07/10/2026 ent=02/10/2026 Carrossel    Consultoria: transforme uma dúvida empresarial em próximo 
ACIRV-SM-2026-048 pub=08/10/2026 ent=06/10/2026 Carrossel 2  Dúvida rápida: consultoria é só para empresa com problema?
ACIRV-SM-2026-011 pub=09/10/2026 ent=06/10/2026 Carrossel 3  Associado em foco: uma história que ajuda a explicar por q
ACIRV-SM-2026-012 pub=12/10/2026 ent=07/10/2026 Carrossel    Dia das Crianças: valorize quem faz o comércio local acont
ACIRV-SM-2026-013 pub=14/10/2026 ent=08/10/2026 Carrossel    Certificado Digital PF ou PJ: qual caminho faz sentido?
ACIRV-SM-2026-049 pub=15/10/2026 ent=13/10/2026 Carrossel 2  Associado, você já ativou os benefícios que fazem sentido 
ACIRV-SM-2026-014 pub=16/10/2026 ent=13/10/2026 Carrossel    Aqui tem ACIRV: empresas que fazem parte do movimento
ACIRV-SM-2026-015 pub=19/10/2026 ent=09/10/2026 Carrossel    Dia da Inovação: inovar é resolver melhor um problema real
ACIRV-SM-2026-016 pub=21/10/2026 ent=16/10/2026 Carrossel    Como uma demanda empresarial vira pauta coletiva na ACIRV
ACIRV-SM-2026-050 pub=22/10/2026 ent=20/10/2026 Carrossel 2  3 situações em que vale procurar a ACIRV antes de decidir 
ACIRV-SM-2026-017 pub=23/10/2026 ent=20/10/2026 Carrossel    Checklist para escolher um espaço para sua reunião, treina
ACIRV-SM-2026-018 pub=26/10/2026 ent=21/10/2026 Carrossel    Networking que funciona: 5 atitudes antes, durante e depoi
ACIRV-SM-2026-019 pub=28/10/2026 ent=21/10/2026 Carrossel    5 benefícios da ACIRV que sua empresa pode estar deixando 
ACIRV-SM-2026-051 pub=29/10/2026 ent=27/10/2026 Carrossel 2  Sala, auditório ou reunião: qual espaço combina com sua ne
ACIRV-SM-2026-020 pub=30/10/2026 ent=23/10/2026 Post 1 slide Dia do Comerciário: quem faz o comércio acontecer todos os
ACIRV-SM-2026-021 pub=03/11/2026 ent=28/10/2026 Carrossel    Fim de ano sem improviso: 6 decisões que o pequeno negócio
ACIRV-SM-2026-052 pub=04/11/2026 ent=02/11/2026 Carrossel 2  Fim de ano: o que revisar no certificado digital antes das
ACIRV-SM-2026-022 pub=05/11/2026 ent=30/10/2026 Carrossel    2027 começa antes de janeiro: use consultoria para organiz
ACIRV-SM-2026-023 pub=09/11/2026 ent=30/10/2026 Carrossel 3  Case de conexão: quando uma apresentação vira oportunidade
ACIRV-SM-2026-024 pub=11/11/2026 ent=04/11/2026 Carrossel    Associar-se não é comprar um benefício isolado: é entrar e
ACIRV-SM-2026-053 pub=12/11/2026 ent=10/11/2026 Carrossel 2  Networking não é distribuir cartão: é criar contexto para 
ACIRV-SM-2026-025 pub=13/11/2026 ent=06/11/2026 Carrossel    Black Friday sem destruir a margem: checklist antes de dar
ACIRV-SM-2026-026 pub=16/11/2026 ent=11/11/2026 Carrossel    Certificado Digital: resolva pendências antes do fechament
ACIRV-SM-2026-054 pub=18/11/2026 ent=16/11/2026 Carrossel 2  Empreendedora não precisa crescer sozinha: rede também é e
ACIRV-SM-2026-027 pub=19/11/2026 ent=12/11/2026 Carrossel    Empreendedorismo feminino: redes fortes criam mais espaço 
ACIRV-SM-2026-028 pub=23/11/2026 ent=13/11/2026 Carrossel    Black Friday: 7 perguntas para saber se sua promoção faz s
ACIRV-SM-2026-029 pub=25/11/2026 ent=17/11/2026 Carrossel    Sua empresa não precisa preparar o fim de ano sozinha
ACIRV-SM-2026-055 pub=26/11/2026 ent=23/11/2026 Carrossel 2  Black Friday amanhã: 3 checagens finais antes de publicar 
ACIRV-SM-2026-030 pub=27/11/2026 ent=19/11/2026 Post 1 slide Black Friday: fortalecer o comércio local também é uma esc
ACIRV-SM-2026-031 pub=30/11/2026 ent=25/11/2026 Carrossel    Presença digital também é ponto de venda: o que a Cyber Mo
ACIRV-SM-2026-032 pub=02/12/2026 ent=27/11/2026 Carrossel    Um espaço profissional também comunica a sua marca
ACIRV-SM-2026-056 pub=03/12/2026 ent=01/12/2026 Carrossel 2  O que você mais usou da ACIRV em 2026?
ACIRV-SM-2026-033 pub=04/12/2026 ent=27/11/2026 Carrossel    2026 em números: o que a ACIRV conectou, realizou e entreg
ACIRV-SM-2026-034 pub=07/12/2026 ent=02/12/2026 Carrossel    Representar também é serviço: o trabalho institucional que
ACIRV-SM-2026-035 pub=09/12/2026 ent=04/12/2026 Carrossel    Certificado Digital: comece 2027 com validade e acesso org
ACIRV-SM-2026-057 pub=10/12/2026 ent=08/12/2026 Carrossel 2  Checklist rápido: sua empresa está pronta para janeiro?
ACIRV-SM-2026-036 pub=11/12/2026 ent=04/12/2026 Carrossel 3  Por que minha empresa é ACIRV: voz de quem faz parte
ACIRV-SM-2026-037 pub=14/12/2026 ent=09/12/2026 Carrossel    Planejar 2027 fica mais fácil quando você não precisa faze
ACIRV-SM-2026-038 pub=16/12/2026 ent=11/12/2026 Carrossel fo As pessoas por trás das conexões
ACIRV-SM-2026-058 pub=17/12/2026 ent=15/12/2026 Carrossel 2  3 coisas que um associado pode organizar ainda em dezembro
ACIRV-SM-2026-039 pub=18/12/2026 ent=11/12/2026 Carrossel    5 maneiras de aproveitar melhor sua associação em 2027
ACIRV-SM-2026-040 pub=21/12/2026 ent=14/12/2026 Post 1 slide Natal também é economia local: compre de quem investe e em
ACIRV-SM-2026-059 pub=22/12/2026 ent=18/12/2026 Carrossel 2  Antes do recesso: salve os canais e serviços que você pode
ACIRV-SM-2026-041 pub=23/12/2026 ent=18/12/2026 Post 1 slide Natal ACIRV: conexões transformam trabalho em comunidade
ACIRV-SM-2026-042 pub=28/12/2026 ent=18/12/2026 Carrossel    O ano em conexões: 10 momentos que ajudam a contar 2026
ACIRV-SM-2026-060 pub=29/12/2026 ent=24/12/2026 Carrossel 2  Uma pergunta para levar para 2027: qual conexão sua empres
ACIRV-SM-2026-043 pub=30/12/2026 ent=22/12/2026 Post 1 slide 2027: continuar conectando para crescer
ACIRV-SM-2026-044 pub=31/12/2026 ent=28/12/2026 Post 1 slide Obrigado, 2026: ninguém cresce isolado

salvo posts_sem_canonica.json (48 posts)
